
Sun May 31 2026 13:03:14:983 GMT+0100 (GMT Daylight Time) -- Binary semantic version is v8.9.31
Sun May 31 2026 13:03:14:983 GMT+0100 (GMT Daylight Time) -- Setting output as extra verbose with request parsing
Sun May 31 2026 13:03:18:398 GMT+0100 (GMT Daylight Time) -- Connecting to BrowserStack using WebSocket protocol...
Sun May 31 2026 13:03:18:399 GMT+0100 (GMT Daylight Time) -- Platform supports WebSocket connections.

Sun May 31 2026 13:03:18:454 GMT+0100 (GMT Daylight Time) -- [SUCCESS] You can now access your local server(s) in our remote browser

Sun May 31 2026 13:03:18:501 GMT+0100 (GMT Daylight Time) -- Press Ctrl-C to exit


Sun May 31 2026 13:03:19:454 GMT+0100 (GMT Daylight Time) -- Starting configuration console on http://localhost:45454

Sun May 31 2026 13:07:46:629 GMT+0100 (GMT Daylight Time) -- Binary semantic version is v8.9.31
Sun May 31 2026 13:07:46:630 GMT+0100 (GMT Daylight Time) -- Setting output as extra verbose with request parsing
Sun May 31 2026 13:07:49:400 GMT+0100 (GMT Daylight Time) -- [SUCCESS] You can now access your local server(s) in our remote browser

Sun May 31 2026 13:07:49:921 GMT+0100 (GMT Daylight Time) -- Connecting to BrowserStack using WebSocket protocol...
Sun May 31 2026 13:07:49:921 GMT+0100 (GMT Daylight Time) -- Platform supports WebSocket connections.

Sun May 31 2026 13:07:50:24 GMT+0100 (GMT Daylight Time) -- Press Ctrl-C to exit


Sun May 31 2026 13:07:50:516 GMT+0100 (GMT Daylight Time) -- Starting configuration console on http://localhost:45454

Sun May 31 2026 13:10:47:198 GMT+0100 (GMT Daylight Time) -- Binary semantic version is v8.9.31
Sun May 31 2026 13:10:47:199 GMT+0100 (GMT Daylight Time) -- Setting output as extra verbose with request parsing
Sun May 31 2026 13:10:49:814 GMT+0100 (GMT Daylight Time) -- Connecting to BrowserStack using WebSocket protocol...
Sun May 31 2026 13:10:49:814 GMT+0100 (GMT Daylight Time) -- Platform supports WebSocket connections.

Sun May 31 2026 13:10:49:861 GMT+0100 (GMT Daylight Time) -- [SUCCESS] You can now access your local server(s) in our remote browser

Sun May 31 2026 13:10:49:923 GMT+0100 (GMT Daylight Time) -- Press Ctrl-C to exit


Sun May 31 2026 13:10:51:67 GMT+0100 (GMT Daylight Time) -- Starting configuration console on http://localhost:45454

Sun May 31 2026 13:12:48:340 GMT+0100 (GMT Daylight Time) -- Binary semantic version is v8.9.31
Sun May 31 2026 13:12:48:340 GMT+0100 (GMT Daylight Time) -- Setting output as extra verbose with request parsing
Sun May 31 2026 13:12:51:187 GMT+0100 (GMT Daylight Time) -- [SUCCESS] You can now access your local server(s) in our remote browser

Sun May 31 2026 13:12:52:169 GMT+0100 (GMT Daylight Time) -- Connecting to BrowserStack using WebSocket protocol...
Sun May 31 2026 13:12:52:169 GMT+0100 (GMT Daylight Time) -- Platform supports WebSocket connections.

Sun May 31 2026 13:12:52:259 GMT+0100 (GMT Daylight Time) -- Starting configuration console on http://localhost:45454
Sun May 31 2026 13:12:52:270 GMT+0100 (GMT Daylight Time) -- Press Ctrl-C to exit



Sun May 31 2026 13:15:32:758 GMT+0100 (GMT Daylight Time) -- Binary semantic version is v8.9.31
Sun May 31 2026 13:15:32:760 GMT+0100 (GMT Daylight Time) -- Setting output as extra verbose with request parsing
Sun May 31 2026 13:15:35:583 GMT+0100 (GMT Daylight Time) -- [SUCCESS] You can now access your local server(s) in our remote browser

Sun May 31 2026 13:15:35:845 GMT+0100 (GMT Daylight Time) -- Connecting to BrowserStack using WebSocket protocol...
Sun May 31 2026 13:15:35:845 GMT+0100 (GMT Daylight Time) -- Platform supports WebSocket connections.

Sun May 31 2026 13:15:35:955 GMT+0100 (GMT Daylight Time) -- Press Ctrl-C to exit


Sun May 31 2026 13:15:36:659 GMT+0100 (GMT Daylight Time) -- Starting configuration console on http://localhost:45454
